2026-06-27T02:26:56.181Z [backfill] start: 22060 entries, limit=ALL conc=6
2026-06-27T02:26:57.261Z [backfill] 1 ✓ q16397
2026-06-27T02:26:57.286Z [backfill] 2 ✓ q16395
2026-06-27T02:26:57.289Z [backfill] 3 ✓ q16396
2026-06-27T02:26:57.309Z [backfill] 4 ✓ q16394
2026-06-27T02:26:57.335Z [backfill] 5 ✓ q16393
2026-06-27T02:26:57.408Z [backfill] 6 ✓ q16392
2026-06-27T02:26:57.437Z [backfill] 7 ✓ q16390
2026-06-27T02:26:57.466Z [backfill] 8 ✓ q16389
2026-06-27T02:26:57.467Z [backfill] 9 ✓ q16388
2026-06-27T02:26:57.468Z [backfill] 10 ✓ q16391
2026-06-27T02:26:57.529Z [backfill] 11 ✓ q16387
2026-06-27T02:26:57.581Z [backfill] 12 ✓ q16386
2026-06-27T02:26:57.623Z [backfill] 13 ✓ q16385
2026-06-27T02:26:57.638Z [backfill] 14 ✓ q16384
2026-06-27T02:26:57.643Z [backfill] 15 ✓ q16383
2026-06-27T02:26:57.648Z [backfill] 16 ✓ q16381
2026-06-27T02:26:57.713Z [backfill] 17 ✓ q16382
2026-06-27T02:26:57.788Z [backfill] 18 ✓ q16378
2026-06-27T02:26:57.798Z [backfill] 19 ✓ q16380
2026-06-27T02:26:57.810Z [backfill] 20 ✓ q16379
2026-06-27T02:26:57.834Z [backfill] 21 ✓ q16377
2026-06-27T02:26:57.845Z [backfill] 22 ✓ q16376
2026-06-27T02:26:57.885Z [backfill] 23 ✓ q16375
2026-06-27T02:26:57.957Z [backfill] 24 ✓ q16374
2026-06-27T02:26:57.960Z [backfill] 25 ✓ q16373
2026-06-27T02:27:00.239Z [backfill] 100 ✓ q16296
2026-06-27T02:27:03.367Z [backfill] 200 ✓ cl0077
2026-06-27T02:27:06.813Z [backfill] 300 ✓ dn0332
2026-06-27T02:27:10.471Z [backfill] 400 ✓ aq0939
2026-06-27T02:27:13.778Z [backfill] 500 ✓ aq0840
2026-06-27T02:27:17.087Z [backfill] 600 ✓ aq0732
2026-06-27T02:27:20.463Z [backfill] 700 ✓ ai0303
2026-06-27T02:27:24.302Z [backfill] 800 ✓ ai0244
2026-06-27T02:27:27.717Z [backfill] 900 ✓ fr1121
2026-06-27T02:27:31.036Z [backfill] 1000 ✓ er0706
2026-06-27T02:27:34.577Z [backfill] 1100 ✓ cg0936
2026-06-27T02:27:39.127Z [backfill] 1200 ✓ sc0351
2026-06-27T02:27:42.434Z [backfill] 1300 ✓ q16226
2026-06-27T02:27:45.886Z [backfill] 1400 ✓ es0160
2026-06-27T02:27:49.536Z [backfill] 1500 ✓ rs0189
2026-06-27T02:27:52.864Z [backfill] 1600 ✓ ik0681
2026-06-27T02:27:56.547Z [backfill] 1700 ✓ pt0537
2026-06-27T02:28:00.191Z [backfill] 1800 ✓ pt0438
2026-06-27T02:28:03.656Z [backfill] 1900 ✓ pt0338
2026-06-27T02:28:06.893Z [backfill] 2000 ✓ pt0238
2026-06-27T02:28:10.697Z [backfill] 2100 ✓ ik0659
2026-06-27T02:28:14.254Z [backfill] 2200 ✓ fr1062
2026-06-27T02:28:17.673Z [backfill] 2300 ✓ q16189
2026-06-27T02:28:21.659Z [backfill] 2400 ✓ ed0169
2026-06-27T02:28:25.468Z [backfill] 2500 ✓ ed0307
2026-06-27T02:28:29.402Z [backfill] 2600 ✓ ed0459
2026-06-27T02:28:33.452Z [backfill] 2700 ✓ ed0625
2026-06-27T02:28:37.384Z [backfill] 2800 ✓ ed0789
2026-06-27T02:28:41.845Z [backfill] 2900 ✓ ed0946
2026-06-27T02:28:46.351Z [backfill] 3000 ✓ q15484
2026-06-27T02:28:49.614Z [backfill] 3100 ✓ q15385
2026-06-27T02:28:53.151Z [backfill] 3200 ✓ q15284
2026-06-27T02:28:56.536Z [backfill] 3300 ✓ q15183
2026-06-27T02:29:00.268Z [backfill] 3400 ✓ q15084
2026-06-27T02:29:03.782Z [backfill] 3500 ✓ q14981
2026-06-27T02:29:07.034Z [backfill] 3600 ✓ q14884
2026-06-27T02:29:10.398Z [backfill] 3700 ✓ q14781
2026-06-27T02:29:13.605Z [backfill] 3800 ✓ q14681
2026-06-27T02:29:17.092Z [backfill] 3900 ✓ q14579
2026-06-27T02:29:20.376Z [backfill] 4000 ✓ q16093
2026-06-27T02:29:23.566Z [backfill] 4100 ✓ q15993
2026-06-27T02:29:27.313Z [backfill] 4200 ✓ q15892
2026-06-27T02:29:31.160Z [backfill] 4300 ✓ q15793
2026-06-27T02:29:34.698Z [backfill] 4400 ✓ q15693
2026-06-27T02:29:37.891Z [backfill] 4500 ✓ q15593
2026-06-27T02:29:41.098Z [backfill] 4600 ✓ q14538
2026-06-27T02:29:44.340Z [backfill] 4700 ✓ q14435
2026-06-27T02:29:48.098Z [backfill] 4800 ✓ q14335
2026-06-27T02:29:51.828Z [backfill] 4900 ✓ q14234
2026-06-27T02:29:55.128Z [backfill] 5000 ✓ q14153
2026-06-27T02:29:58.522Z [backfill] 5100 ✓ q14067
2026-06-27T02:30:01.779Z [backfill] 5200 ✓ q14004
2026-06-27T02:30:05.544Z [backfill] 5300 ✓ tn0110
2026-06-27T02:30:09.322Z [backfill] 5400 ✓ lv0110
2026-06-27T02:30:12.798Z [backfill] 5500 ✓ q13818
2026-06-27T02:30:16.044Z [backfill] 5600 ✓ q13731
2026-06-27T02:30:19.296Z [backfill] 5700 ✓ q13654
2026-06-27T02:30:23.276Z [backfill] 5800 ✓ tv0176
2026-06-27T02:30:27.307Z [backfill] 5900 ✓ tv0077
2026-06-27T02:30:31.055Z [backfill] 6000 ✓ rs0171
2026-06-27T02:30:35.886Z [backfill] 6100 ✓ pt0147
2026-06-27T02:30:39.106Z [backfill] 6200 ✓ tl9267
2026-06-27T02:30:42.571Z [backfill] 6300 ✓ sw0106
2026-06-27T02:30:46.775Z [backfill] 6400 ✓ pt0052
2026-06-27T02:30:50.535Z [backfill] 6500 ✓ ik0564
2026-06-27T02:30:54.295Z [backfill] 6600 ✓ tk0415
2026-06-27T02:30:57.764Z [backfill] 6700 ✓ st0696
2026-06-27T02:31:01.025Z [backfill] 6800 ✓ tk0369
2026-06-27T02:31:04.302Z [backfill] 6900 ✓ st0651
2026-06-27T02:31:07.765Z [backfill] 7000 ✓ cg0712
2026-06-27T02:31:11.359Z [backfill] 7100 ✓ nl0199
2026-06-27T02:31:14.902Z [backfill] 7200 ✓ cg0611
2026-06-27T02:31:18.446Z [backfill] 7300 ✓ es0276
2026-06-27T02:31:21.975Z [backfill] 7400 ✓ st0554
2026-06-27T02:31:25.897Z [backfill] 7500 ✓ st0529
2026-06-27T02:31:30.692Z [backfill] 7600 ✓ ra0488
2026-06-27T02:31:34.240Z [backfill] 7700 ✓ ra0383
2026-06-27T02:31:37.655Z [backfill] 7800 ✓ aq0384
2026-06-27T02:31:41.219Z [backfill] 7900 ✓ aq0278
2026-06-27T02:31:44.812Z [backfill] 8000 ✓ aq0175
2026-06-27T02:31:47.997Z [backfill] 8100 ✓ aq0077
2026-06-27T02:31:51.162Z [backfill] 8200 ✓ hf0024
2026-06-27T02:31:54.485Z [backfill] 8300 ✓ bt0374
2026-06-27T02:31:58.128Z [backfill] 8400 ✓ bt0274
2026-06-27T02:32:01.891Z [backfill] 8500 ✓ ca0897
2026-06-27T02:32:05.588Z [backfill] 8600 ✓ ca0794
2026-06-27T02:32:08.982Z [backfill] 8700 ✓ q13472
2026-06-27T02:32:13.180Z [backfill] 8800 ✓ q13376
2026-06-27T02:32:16.399Z [backfill] 8900 ✓ q13280
2026-06-27T02:32:19.912Z [backfill] 9000 ✓ q13174
2026-06-27T02:32:23.130Z [backfill] 9100 ✓ ca0700
2026-06-27T02:32:26.361Z [backfill] 9200 ✓ ca0603
2026-06-27T02:32:29.639Z [backfill] 9300 ✓ ca0488
2026-06-27T02:32:32.783Z [backfill] 9400 ✓ ca0402
2026-06-27T02:32:36.689Z [backfill] 9500 ✓ ca0296
2026-06-27T02:32:40.046Z [backfill] 9600 ✓ bo0159
2026-06-27T02:32:43.434Z [backfill] 9700 ✓ bo0044
2026-06-27T02:32:47.147Z [backfill] 9800 ✓ tl0601
2026-06-27T02:32:50.998Z [backfill] 9900 ✓ cg0125
2026-06-27T02:32:54.787Z [backfill] 10000 ✓ cg0026
2026-06-27T02:32:58.034Z [backfill] 10100 ✓ ai0124
2026-06-27T02:33:01.130Z [backfill] 10200 ✓ ai0025
2026-06-27T02:33:04.725Z [backfill] 10300 ✓ co0006
2026-06-27T02:33:08.440Z [backfill] 10400 ✓ sc0230
2026-06-27T02:33:11.729Z [backfill] 10500 ✓ sc0134
2026-06-27T02:33:15.088Z [backfill] 10600 ✓ tl0525
2026-06-27T02:33:18.731Z [backfill] 10700 ✓ tl0415
2026-06-27T02:33:21.885Z [backfill] 10800 ✓ tl0315
2026-06-27T02:33:25.189Z [backfill] 10900 ✓ tl0215
2026-06-27T02:33:28.779Z [backfill] 11000 ✓ tl0160
2026-06-27T02:33:32.002Z [backfill] 11100 ✓ tl0055
2026-06-27T02:33:35.559Z [backfill] 11200 ✓ rs0033
2026-06-27T02:33:39.044Z [backfill] 11300 ✓ ga0038
2026-06-27T02:33:42.593Z [backfill] 11400 ✓ rs0049
2026-06-27T02:33:46.098Z [backfill] 11500 ✓ es0043
2026-06-27T02:33:49.599Z [backfill] 11600 ✓ sy0037
2026-06-27T02:33:53.332Z [backfill] 11700 ✓ sp0033
2026-06-27T02:33:56.706Z [backfill] 11800 ✓ mv0007
2026-06-27T02:33:59.907Z [backfill] 11900 ✓ sk0008
2026-06-27T02:34:03.415Z [backfill] 12000 ✓ bt0156
2026-06-27T02:34:06.733Z [backfill] 12100 ✓ tn0093
2026-06-27T02:34:10.436Z [backfill] 12200 ✓ bt0087
2026-06-27T02:34:14.073Z [backfill] 12300 ✓ tn0036
2026-06-27T02:34:17.879Z [backfill] 12400 ✓ dn0009
2026-06-27T02:34:21.853Z [backfill] 12500 ✓ ca0284
2026-06-27T02:34:25.723Z [backfill] 12600 ✓ ca0183
2026-06-27T02:34:29.219Z [backfill] 12700 ✓ ca0084
2026-06-27T02:34:33.113Z [backfill] 12800 ✓ er560
2026-06-27T02:34:36.463Z [backfill] 12900 ✓ er462
2026-06-27T02:34:39.787Z [backfill] 13000 ✓ er361
2026-06-27T02:34:43.247Z [backfill] 13100 ✓ q13004
2026-06-27T02:34:46.637Z [backfill] 13200 ✓ ra350
2026-06-27T02:34:50.379Z [backfill] 13300 ✓ q12896
2026-06-27T02:34:53.823Z [backfill] 13400 ✓ fr0975
2026-06-27T02:34:57.474Z [backfill] 13500 ✓ fr0875
2026-06-27T02:35:00.762Z [backfill] 13600 ✓ fr0777
2026-06-27T02:35:04.259Z [backfill] 13700 ✓ fr0676
2026-06-27T02:35:07.745Z [backfill] 13800 ✓ fr0615
2026-06-27T02:35:10.866Z [backfill] 13900 ✓ fr0513
2026-06-27T02:35:14.428Z [backfill] 14000 ✓ fr0382
2026-06-27T02:35:17.689Z [backfill] 14100 ✓ fr0280
2026-06-27T02:35:20.900Z [backfill] 14200 ✓ fr0178
2026-06-27T02:35:24.004Z [backfill] 14300 ✓ fr0069
2026-06-27T02:35:27.643Z [backfill] 14400 ✓ ra0303
2026-06-27T02:35:31.489Z [backfill] 14500 ✓ ra0252
2026-06-27T02:35:36.212Z [backfill] 14600 ✓ q12751
2026-06-27T02:35:39.564Z [backfill] 14700 ✓ q12700
2026-06-27T02:35:43.667Z [backfill] 14800 ✓ ik0413
2026-06-27T02:35:47.255Z [backfill] 14900 ✓ bs0256
2026-06-27T02:35:50.674Z [backfill] 15000 ✓ ra0197
2026-06-27T02:35:54.434Z [backfill] 15100 ✓ gp0289
2026-06-27T02:35:58.031Z [backfill] 15200 ✓ ra0164
2026-06-27T02:36:01.729Z [backfill] 15300 ✓ gp0201
2026-06-27T02:36:05.215Z [backfill] 15400 ✓ q12576
2026-06-27T02:36:08.615Z [backfill] 15500 ✓ q12473
2026-06-27T02:36:12.659Z [backfill] 15600 ✓ ra0102
2026-06-27T02:36:16.045Z [backfill] 15700 ✓ tk0230
2026-06-27T02:36:20.317Z [backfill] 15800 ✓ tk0121
2026-06-27T02:36:23.613Z [backfill] 15900 ✓ tk0013
2026-06-27T02:36:26.934Z [backfill] 16000 ✓ gp0112
2026-06-27T02:36:30.583Z [backfill] 16100 ✓ ra0055
2026-06-27T02:36:34.148Z [backfill] 16200 ✓ ra0042
2026-06-27T02:36:37.440Z [backfill] 16300 ✓ er0182
2026-06-27T02:36:40.721Z [backfill] 16400 ✓ er0084
2026-06-27T02:36:44.115Z [backfill] 16500 ✓ bs0214
2026-06-27T02:36:47.497Z [backfill] 16600 ✓ bs0114
2026-06-27T02:36:50.943Z [backfill] 16700 ✓ bs0012
2026-06-27T02:36:54.492Z [backfill] 16800 ✓ st399
2026-06-27T02:36:58.465Z [backfill] 16900 ✓ st377
2026-06-27T02:37:01.888Z [backfill] 17000 ✓ ik0321
2026-06-27T02:37:05.972Z [backfill] 17100 ✓ st269
2026-06-27T02:37:09.351Z [backfill] 17200 ✓ q12144
2026-06-27T02:37:12.538Z [backfill] 17300 ✓ gb0161
2026-06-27T02:37:15.681Z [backfill] 17400 ✓ gb0061
2026-06-27T02:37:18.936Z [backfill] 17500 ✓ gb0360
2026-06-27T02:37:22.221Z [backfill] 17600 ✓ gb0260
2026-06-27T02:37:25.932Z [backfill] 17700 ✓ q12110
2026-06-27T02:37:29.251Z [backfill] 17800 ✓ ik0041
2026-06-27T02:37:32.504Z [backfill] 17900 ✓ st176
2026-06-27T02:37:36.183Z [backfill] 18000 ✓ q11134
2026-06-27T02:37:39.555Z [backfill] 18100 ✓ q11029
2026-06-27T02:37:43.165Z [backfill] 18200 ✓ q10912
2026-06-27T02:37:46.722Z [backfill] 18300 ✓ q10833
2026-06-27T02:37:50.152Z [backfill] 18400 ✓ q10787
2026-06-27T02:37:54.062Z [backfill] 18500 ✓ q10687
2026-06-27T02:37:57.812Z [backfill] 18600 ✓ q10588
2026-06-27T02:38:01.149Z [backfill] 18700 ✓ q10487
2026-06-27T02:38:04.639Z [backfill] 18800 ✓ q10396
2026-06-27T02:38:08.097Z [backfill] 18900 ✓ q10297
2026-06-27T02:38:11.373Z [backfill] 19000 ✓ q10196
2026-06-27T02:38:14.855Z [backfill] 19100 ✓ q10096
2026-06-27T02:38:18.344Z [backfill] 19200 ✓ q9997
2026-06-27T02:38:21.673Z [backfill] 19300 ✓ q9897
2026-06-27T02:38:24.912Z [backfill] 19400 ✓ q9797
2026-06-27T02:38:29.363Z [backfill] 19500 ✓ ik0263
2026-06-27T02:38:33.709Z [backfill] 19600 ✓ ik0166
2026-06-27T02:38:37.506Z [backfill] 19700 ✓ st0052
2026-06-27T02:38:42.966Z [backfill] 19800 ✓ st0012
2026-06-27T02:38:47.043Z [backfill] 19900 ✓ q2142
2026-06-27T02:38:51.772Z [backfill] 20000 ✓ q1973
2026-06-27T02:38:55.999Z [backfill] 20100 ✓ q1957
2026-06-27T02:39:01.078Z [backfill] 20200 ✓ q9552
2026-06-27T02:39:05.759Z [backfill] 20300 ✓ q1683
2026-06-27T02:39:09.134Z [backfill] 20400 ✓ q1779
2026-06-27T02:39:12.764Z [backfill] 20500 ✓ q1642
2026-06-27T02:39:16.239Z [backfill] 20600 ✓ q1544
2026-06-27T02:39:19.681Z [backfill] 20700 ✓ q1440
2026-06-27T02:39:23.040Z [backfill] 20800 ✓ q1341
2026-06-27T02:39:26.264Z [backfill] 20900 ✓ q1243
2026-06-27T02:39:29.631Z [backfill] 21000 ✓ q30
2026-06-27T02:39:33.813Z [backfill] 21100 ✓ q524
2026-06-27T02:39:37.550Z [backfill] 21200 ✓ q240
2026-06-27T02:39:41.260Z [backfill] 21300 ✓ q789
2026-06-27T02:39:45.048Z [backfill] 21400 ✓ q167
2026-06-27T02:39:46.027Z [backfill] DONE injected=21415 skipped=645 failed=0
